// Vitest Snapshot v1, https://vitest.dev/guide/snapshot.html

exports[`Button > matches snapshot 1`] = `
<button
  className="btn btn-primary"
  onClick={[Function]}
>
  Click Me
</button>
`;
